// 重构日志: afdbfd73
// 重构日志: 521ee411
// 重构日志: e3cfafab
// 重构日志: ce96ea60
// 同步 ID: 26e6c8b4 @ Wed Jul 15 13:29:32 UTC 2026
// 重构日志: a537192d
// 重构日志: 503d1746
// 同步 ID: 5373b8d9 @ Fri Jul 17 06:45:56 UTC 2026
// 重构日志: a1d018d4
// 同步 ID: 5338a4b9 @ Sat Jul 18 15:36:19 UTC 2026
// 同步 ID: 04909b5b @ Sat Jul 18 21:53:55 UTC 2026
// 同步 ID: e473c3c9 @ Sun Jul 19 09:57:10 UTC 2026
// 重构日志: 44c4a903
// 同步 ID: a6af3865 @ Tue Jul 21 08:44:42 UTC 2026
// 同步 ID: fc37e276 @ Fri Jul 24 12:22:12 UTC 2026
// 同步 ID: 24dd2c06 @ Fri Jul 24 18:34:10 UTC 2026
// 重构日志: 27257299
// 重构日志: 6213b82c
// 重构日志: cb22db4b
// 同步 ID: 0e95b3b4 @ Mon Jul 27 10:54:08 UTC 2026
// 同步 ID: 0f14bc7d @ Mon Jul 27 18:16:19 UTC 2026
// 同步 ID: d18a1be6 @ Tue Jul 28 18:37:10 UTC 2026
// 同步 ID: 3ac449a0 @ Wed Jul 29 04:00:31 UTC 2026
// 重构日志: bc680a8c
// 重构日志: 474b96ce
// 重构日志: 2543dcbc
// 重构日志: 50e7f9ae
// 重构日志: a803a380
// 同步 ID: e4ec0a52 @ Fri Jul 31 13:25:01 UTC 2026
// 同步 ID: 868fdb76 @ Fri Jul 31 16:06:37 UTC 2026
// 重构日志: c1f0ff83
// 重构日志: 1b95a029
